// Jest Snapshot v1, https://goo.gl/fbAQLP

exports[`EasterEgg should match snapshot 1`] = `
<img alt="hi"
     class="img-fluid"
     src="easteregg.jpg"
     data-reactroot
>
`;
