// Jest Snapshot v1, https://goo.gl/fbAQLP

exports[`Dashboard should match snapshot 1`] = `
<div data-reactroot>
  <div class="row">
    <br>
  </div>
  <div class="row">
    <div class="col-md-6">
    </div>
    <div class="col-md-6">
    </div>
  </div>
</div>
`;

exports[`Dashboard should match snapshot 2`] = `ReactWrapper {}`;

exports[`Dashboard should match snapshot 3`] = `ReactWrapper {}`;

exports[`Dashboard should match snapshot 4`] = `ReactWrapper {}`;

exports[`Dashboard should match snapshot 5`] = `ReactWrapper {}`;

exports[`Dashboard should match snapshot 6`] = `ReactWrapper {}`;

exports[`Dashboard should match snapshot 7`] = `ReactWrapper {}`;

exports[`Dashboard should match snapshot 8`] = `ReactWrapper {}`;

exports[`Dashboard should match snapshot 9`] = `ReactWrapper {}`;

exports[`Dashboard should match snapshot 10`] = `ReactWrapper {}`;

exports[`Dashboard should match snapshot 11`] = `ReactWrapper {}`;

exports[`Dashboard should match snapshot 12`] = `ReactWrapper {}`;

exports[`Dashboard should match snapshot 13`] = `ReactWrapper {}`;

exports[`match snapshot with populate state varaiables 1`] = `ReactWrapper {}`;
