// Jest Snapshot v1, https://goo.gl/fbAQLP

exports[`PagesReports should match snapshot 1`] = `
<div data-reactroot>
  Reports
</div>
`;
