// Jest Snapshot v1, https://goo.gl/fbAQLP

exports[`PagesAppSettings match snapshot 1`] = `ReactWrapper {}`;
