// Jest Snapshot v1, https://goo.gl/fbAQLP

exports[`Not found message 1`] = `
<div data-reactroot>
  Sorry, that page could not be found
</div>
`;
