// Jest Snapshot v1, https://goo.gl/fbAQLP

exports[`PagesAzureHome should match snapshot 1`] = `
<div data-reactroot>
  Azure user home
</div>
`;
