// Jest Snapshot v1, https://goo.gl/fbAQLP

exports[`Azure Login  Unauthorized should match snapshot 1`] = `
<button class="btn btn-secondary"
        data-reactroot
>
  Admin Login
</button>
`;
