// Jest Snapshot v1, https://goo.gl/fbAQLP

exports[`PagesAzureLogout should match snapshot 1`] = `
<button class="btn btn-secondary"
        data-reactroot
>
  Admin Logout
</button>
`;
