// Jest Snapshot v1, https://goo.gl/fbAQLP

exports[`LayoutHeaderIsOpened matches snapshot 1`] = `
<div class="header"
     data-reactroot
>
  <div class="container-fluid">
    <div class="row">
      <div class="col-2">
        <img src="caci-logo.svg"
             alt="CACI logo"
             class="logo"
        >
      </div>
      <div class="appName col-9">
        CACI Challenge App
      </div>
      <div class="col-1">
      </div>
    </div>
  </div>
</div>
`;
