// Jest Snapshot v1, https://goo.gl/fbAQLP

exports[`ComponentAuthLoginButton matches snapshot 1`] = `
<a href="#/login">
  SIGN IN
</a>
`;
