// Jest Snapshot v1, https://goo.gl/fbAQLP

exports[`ComponentAuthLogoutButton matches snapshot 1`] = `
<button class="btn btn-secondary"
        data-reactroot
>
  SIGN OUT
</button>
`;
