// Jest Snapshot v1, https://goo.gl/fbAQLP

exports[`RoutingAzureUserAuthenticated matches snapshot 1`] = `""`;
