// Jest Snapshot v1, https://goo.gl/fbAQLP

exports[`RoutingMain matches snapshot 1`] = `""`;
