// Jest Snapshot v1, https://goo.gl/fbAQLP

exports[`PagesAdminCards should match snapshot 1`] = `
<div data-reactroot>
  Admin: Cards
</div>
`;
