// Jest Snapshot v1, https://goo.gl/fbAQLP

exports[`PagesAdminTemplates should match snapshot 1`] = `
<div data-reactroot>
  Admin: Templates
</div>
`;
