// Jest Snapshot v1, https://goo.gl/fbAQLP

exports[`PagesLocalHome should match snapshot 1`] = `
<div data-reactroot>
  Local user account home
</div>
`;
