// Jest Snapshot v1, https://goo.gl/fbAQLP

exports[`PagesLocalLogin should match snapshot authenticated 1`] = `ReactWrapper {}`;

exports[`PagesLocalLogin should match snapshot not authenticated 1`] = `ReactWrapper {}`;
