// Jest Snapshot v1, https://goo.gl/fbAQLP

exports[`PagesLocalLogout should match snapshot 1`] = `
<button class="btn btn-secondary"
        data-reactroot
>
  Logout
</button>
`;
