// Jest Snapshot v1, https://goo.gl/fbAQLP

exports[`Status Close matches snapshot 1`] = `
<span class="badge badge-warning"
      data-reactroot
>
  <span aria-hidden="true"
        class="fa fa-hour-glass-half"
  >
  </span>
</span>
`;
