// Jest Snapshot v1, https://goo.gl/fbAQLP

exports[`Status Never matches snapshot 1`] = `
<span class="badge badge-default"
      data-reactroot
>
  <span aria-hidden="true"
        class="fa fa-star"
  >
  </span>
</span>
`;
